warning: variable does not need to be mutable
   --> crates\coevo-policy\src\mock.rs:115:13
    |
115 |         let mut result = self.validate_contract(contract).await?;
    |             ----^^^^^^
    |             |
    |             help: remove this `mut`
    |
    = note: `#[warn(unused_mut)]` (part of `#[warn(unused)]`) on by default

warning: unused variable: `old_version`
   --> crates\coevo-policy\src\mock.rs:148:9
    |
148 |         old_version: &str,
    |         ^^^^^^^^^^^ help: if this is intentional, prefix it with an underscore: `_old_version`
    |
    = note: `#[warn(unused_variables)]` (part of `#[warn(unused)]`) on by default

warning: unused variable: `new_version`
   --> crates\coevo-policy\src\mock.rs:149:9
    |
149 |         new_version: &str,
    |         ^^^^^^^^^^^ help: if this is intentional, prefix it with an underscore: `_new_version`

warning: `coevo-policy` (lib) generated 3 warnings (run `cargo fix --lib -p coevo-policy` to apply 3 suggestions)
warning: unused imports: `Digest` and `Sha256`
 --> crates\coevo-risk\src\lease.rs:6:12
  |
6 | use sha2::{Digest, Sha256};
  |            ^^^^^^  ^^^^^^
  |
  = note: `#[warn(unused_imports)]` (part of `#[warn(unused)]`) on by default

warning: unused import: `uuid::Uuid`
 --> crates\coevo-resolution\src\engine.rs:8:5
  |
8 | use uuid::Uuid;
  |     ^^^^^^^^^^
  |
  = note: `#[warn(unused_imports)]` (part of `#[warn(unused)]`) on by default

warning: unexpected `cfg` condition value: `wald`
  --> crates\coevo-resolution\src\stopper.rs:52:7
   |
52 | #[cfg(feature = "wald")]
   |       ^^^^^^^^^^^^^^^^ help: remove the condition
   |
   = note: no expected values for `feature`
   = help: consider adding `wald` as a feature in `Cargo.toml`
   = note: see <https://doc.rust-lang.org/nightly/rustc/check-cfg/cargo-specifics.html> for more information about checking conditional configuration
   = note: `#[warn(unexpected_cfgs)]` on by default

warning: unexpected `cfg` condition value: `wald`
  --> crates\coevo-resolution\src\stopper.rs:58:7
   |
58 | #[cfg(feature = "wald")]
   |       ^^^^^^^^^^^^^^^^ help: remove the condition
   |
   = note: no expected values for `feature`
   = help: consider adding `wald` as a feature in `Cargo.toml`
   = note: see <https://doc.rust-lang.org/nightly/rustc/check-cfg/cargo-specifics.html> for more information about checking conditional configuration

warning: unexpected `cfg` condition value: `wald`
  --> crates\coevo-resolution\src\stopper.rs:65:7
   |
65 | #[cfg(feature = "wald")]
   |       ^^^^^^^^^^^^^^^^ help: remove the condition
   |
   = note: no expected values for `feature`
   = help: consider adding `wald` as a feature in `Cargo.toml`
   = note: see <https://doc.rust-lang.org/nightly/rustc/check-cfg/cargo-specifics.html> for more information about checking conditional configuration

warning: unused variable: `adr_id`
  --> crates\coevo-resolution\src\engine.rs:74:17
   |
74 |             let adr_id = adr.decision_id.clone();
   |                 ^^^^^^ help: if this is intentional, prefix it with an underscore: `_adr_id`
   |
   = note: `#[warn(unused_variables)]` (part of `#[warn(unused)]`) on by default

warning: unused variable: `adr_id`
   --> crates\coevo-resolution\src\engine.rs:139:17
    |
139 |             let adr_id = adr.decision_id.clone();
    |                 ^^^^^^ help: if this is intentional, prefix it with an underscore: `_adr_id`

warning: unused variable: `adr_id`
   --> crates\coevo-resolution\src\engine.rs:171:17
    |
171 |             let adr_id = adr.decision_id.clone();
    |                 ^^^^^^ help: if this is intentional, prefix it with an underscore: `_adr_id`

warning: unused variable: `adr_id`
   --> crates\coevo-resolution\src\engine.rs:196:17
    |
196 |             let adr_id = adr.decision_id.clone();
    |                 ^^^^^^ help: if this is intentional, prefix it with an underscore: `_adr_id`

warning: field `issue` is never read
 --> crates\coevo-resolution\src\adr.rs:9:5
  |
8 | pub struct AdrBuilder {
  |            ---------- field in this struct
9 |     issue: String,
  |     ^^^^^
  |
  = note: `#[warn(dead_code)]` (part of `#[warn(unused)]`) on by default

warning: `coevo-risk` (lib) generated 1 warning (run `cargo fix --lib -p coevo-risk` to apply 1 suggestion)
warning: `coevo-resolution` (lib) generated 9 warnings (run `cargo fix --lib -p coevo-resolution` to apply 5 suggestions)
warning: unused import: `coevo_store::repos::contract_repo::ContractRepo`
 --> crates\coevo-reputation\src\audit_sampling.rs:4:5
  |
4 | use coevo_store::repos::contract_repo::ContractRepo;
  |     ^^^^^^^^^^^^^^^^^^^^^^^^^^^^^^^^^^^^^^^^^^^^^^^
  |
  = note: `#[warn(unused_imports)]` (part of `#[warn(unused)]`) on by default

warning: `coevo-reputation` (lib) generated 1 warning (run `cargo fix --lib -p coevo-reputation` to apply 1 suggestion)
warning: unused import: `classify_track`
 --> crates\coevo-tracks\src\dispatch.rs:4:25
  |
4 | use coevo_core::track::{classify_track, Track};
  |                         ^^^^^^^^^^^^^^
  |
  = note: `#[warn(unused_imports)]` (part of `#[warn(unused)]`) on by default

warning: unused import: `ActionMode`
 --> crates\coevo-tracks\src\green.rs:9:28
  |
9 | use coevo_core::contract::{ActionMode, ContractState};
  |                            ^^^^^^^^^^

warning: unused import: `coevo_core::plan::ExecutionPlanSpec`
  --> crates\coevo-tracks\src\green.rs:11:5
   |
11 | use coevo_core::plan::ExecutionPlanSpec;
   |     ^^^^^^^^^^^^^^^^^^^^^^^^^^^^^^^^^^^

warning: unused import: `coevo_customs::blackboard::Blackboard`
  --> crates\coevo-tracks\src\green.rs:12:5
   |
12 | use coevo_customs::blackboard::Blackboard;
   |     ^^^^^^^^^^^^^^^^^^^^^^^^^^^^^^^^^^^^^

warning: unused imports: `CognitiveDependencyGraph` and `EdgeType`
  --> crates\coevo-tracks\src\green.rs:13:33
   |
13 | use coevo_customs::dependency::{CognitiveDependencyGraph, EdgeType};
   |                                 ^^^^^^^^^^^^^^^^^^^^^^^^  ^^^^^^^^

warning: unused import: `coevo_customs::provenance::validate_provenance`
  --> crates\coevo-tracks\src\green.rs:15:5
   |
15 | use coevo_customs::provenance::validate_provenance;
   |     ^^^^^^^^^^^^^^^^^^^^^^^^^^^^^^^^^^^^^^^^^^^^^^

warning: unused import: `Sha256`
  --> crates\coevo-tracks\src\green.rs:21:20
   |
21 | use sha2::{Digest, Sha256};
   |                    ^^^^^^

warning: unused import: `coevo_store::repos::lease_repo::LeaseRepo`
  --> crates\coevo-tracks\src\red.rs:18:5
   |
18 | use coevo_store::repos::lease_repo::LeaseRepo;
   |     ^^^^^^^^^^^^^^^^^^^^^^^^^^^^^^^^^^^^^^^^^

warning: unused import: `coevo_policy::traits::PolicyEngine`
  --> crates\coevo-tracks\src\yellow.rs:13:5
   |
13 | use coevo_policy::traits::PolicyEngine;
   |     ^^^^^^^^^^^^^^^^^^^^^^^^^^^^^^^^^^

warning: variable does not need to be mutable
  --> crates\coevo-tracks\src\yellow.rs:62:13
   |
62 |         let mut contract = result.contract;
   |             ----^^^^^^^^
   |             |
   |             help: remove this `mut`
   |
   = note: `#[warn(unused_mut)]` (part of `#[warn(unused)]`) on by default

warning: unused import: `Digest`
  --> crates\coevo-tracks\src\green.rs:21:12
   |
21 | use sha2::{Digest, Sha256};
   |            ^^^^^^

warning: unused variable: `runner`
  --> crates\coevo-tracks\src\dispatch.rs:48:9
   |
48 |     let runner = YellowTrackRunner;
   |         ^^^^^^ help: if this is intentional, prefix it with an underscore: `_runner`
   |
   = note: `#[warn(unused_variables)]` (part of `#[warn(unused)]`) on by default

warning: unused variable: `final_decision`
   --> crates\coevo-tracks\src\yellow.rs:112:41
    |
112 |         let (approval_id, decision_str, final_decision) = match gating.decision {
    |                                         ^^^^^^^^^^^^^^ help: if this is intentional, prefix it with an underscore: `_final_decision`

warning: unused variable: `runner`
  --> crates\coevo-tracks\src\dispatch.rs:71:9
   |
71 |     let runner = RedTrackRunner;
   |         ^^^^^^ help: if this is intentional, prefix it with an underscore: `_runner`

warning: `coevo-tracks` (lib) generated 14 warnings (run `cargo fix --lib -p coevo-tracks` to apply 13 suggestions)
warning: unused variable: `state`
  --> apps\server\src\handlers\evaluate.rs:45:11
   |
45 |     State(state): State<AppState>,
   |           ^^^^^ help: if this is intentional, prefix it with an underscore: `_state`
   |
   = note: `#[warn(unused_variables)]` (part of `#[warn(unused)]`) on by default

warning: `coevo-server` (lib) generated 1 warning (run `cargo fix --lib -p coevo-server` to apply 1 suggestion)
    Finished `dev` profile [unoptimized + debuginfo] target(s) in 0.18s
     Running `C:/coevo-build/target\debug\coevo-server.exe`
error: process didn't exit successfully: `C:/coevo-build/target\debug\coevo-server.exe` (exit code: 1)
